// Jest Snapshot v1, https://goo.gl/fbAQLP

exports[`Link component Link snapshot 1`] = `
<DocumentFragment>
  <a
    href="http://test.url"
  >
    https://www.w3.org/ns/auth/acl#origin
  </a>
</DocumentFragment>
`;
