// Jest Snapshot v1, https://goo.gl/fbAQLP

exports[`Testing SessionContext matches snapshot matches snapshot 1`] = `
<body>
  <div>
    <div>
      <div
        data-testid="sesssion"
      >
        {"info":{"isLoggedIn":true,"webId":"https://fakeurl.com/me"}}
      </div>
    </div>
  </div>
</body>
`;
